Archive member included to satisfy reference by file (symbol)

c:/program files (x86)/gnu arm embedded toolchain/10 2021.10/bin/../lib/gcc/arm-none-eabi/10.3.1/thumb/v7e-m/nofp\libgcc.a(_aeabi_uldivmod.o)
                              ./system/src/stm32f4-hal/stm32f4xx_hal_rcc.o (__aeabi_uldivmod)
c:/program files (x86)/gnu arm embedded toolchain/10 2021.10/bin/../lib/gcc/arm-none-eabi/10.3.1/thumb/v7e-m/nofp\libgcc.a(_udivmoddi4.o)
                              c:/program files (x86)/gnu arm embedded toolchain/10 2021.10/bin/../lib/gcc/arm-none-eabi/10.3.1/thumb/v7e-m/nofp\libgcc.a(_aeabi_uldivmod.o) (__udivmoddi4)
c:/program files (x86)/gnu arm embedded toolchain/10 2021.10/bin/../lib/gcc/arm-none-eabi/10.3.1/thumb/v7e-m/nofp\libgcc.a(_dvmd_tls.o)
                              c:/program files (x86)/gnu arm embedded toolchain/10 2021.10/bin/../lib/gcc/arm-none-eabi/10.3.1/thumb/v7e-m/nofp\libgcc.a(_aeabi_uldivmod.o) (__aeabi_ldiv0)
c:/program files (x86)/gnu arm embedded toolchain/10 2021.10/bin/../lib/gcc/arm-none-eabi/10.3.1/../../../../arm-none-eabi/lib/thumb/v7e-m/nofp\libg_nano.a(lib_a-errno.o)
                              ./system/src/newlib/sbrk.o (__errno)
c:/program files (x86)/gnu arm embedded toolchain/10 2021.10/bin/../lib/gcc/arm-none-eabi/10.3.1/../../../../arm-none-eabi/lib/thumb/v7e-m/nofp\libg_nano.a(lib_a-impure.o)
                              c:/program files (x86)/gnu arm embedded toolchain/10 2021.10/bin/../lib/gcc/arm-none-eabi/10.3.1/../../../../arm-none-eabi/lib/thumb/v7e-m/nofp\libg_nano.a(lib_a-errno.o) (_impure_ptr)
c:/program files (x86)/gnu arm embedded toolchain/10 2021.10/bin/../lib/gcc/arm-none-eabi/10.3.1/../../../../arm-none-eabi/lib/thumb/v7e-m/nofp\libg_nano.a(lib_a-strlen.o)
                              ./system/src/diag/trace.o (strlen)
c:/program files (x86)/gnu arm embedded toolchain/10 2021.10/bin/../lib/gcc/arm-none-eabi/10.3.1/../../../../arm-none-eabi/lib/thumb/v7e-m/nofp\libg_nano.a(lib_a-vsnprintf.o)
                              ./system/src/diag/trace.o (vsnprintf)
c:/program files (x86)/gnu arm embedded toolchain/10 2021.10/bin/../lib/gcc/arm-none-eabi/10.3.1/../../../../arm-none-eabi/lib/thumb/v7e-m/nofp\libg_nano.a(lib_a-nano-svfprintf.o)
                              c:/program files (x86)/gnu arm embedded toolchain/10 2021.10/bin/../lib/gcc/arm-none-eabi/10.3.1/../../../../arm-none-eabi/lib/thumb/v7e-m/nofp\libg_nano.a(lib_a-vsnprintf.o) (_svfprintf_r)
c:/program files (x86)/gnu arm embedded toolchain/10 2021.10/bin/../lib/gcc/arm-none-eabi/10.3.1/../../../../arm-none-eabi/lib/thumb/v7e-m/nofp\libg_nano.a(lib_a-nano-vfprintf_i.o)
                              c:/program files (x86)/gnu arm embedded toolchain/10 2021.10/bin/../lib/gcc/arm-none-eabi/10.3.1/../../../../arm-none-eabi/lib/thumb/v7e-m/nofp\libg_nano.a(lib_a-nano-svfprintf.o) (_printf_i)
c:/program files (x86)/gnu arm embedded toolchain/10 2021.10/bin/../lib/gcc/arm-none-eabi/10.3.1/../../../../arm-none-eabi/lib/thumb/v7e-m/nofp\libg_nano.a(lib_a-memchr.o)
                              c:/program files (x86)/gnu arm embedded toolchain/10 2021.10/bin/../lib/gcc/arm-none-eabi/10.3.1/../../../../arm-none-eabi/lib/thumb/v7e-m/nofp\libg_nano.a(lib_a-nano-svfprintf.o) (memchr)
c:/program files (x86)/gnu arm embedded toolchain/10 2021.10/bin/../lib/gcc/arm-none-eabi/10.3.1/../../../../arm-none-eabi/lib/thumb/v7e-m/nofp\libg_nano.a(lib_a-memcpy-stub.o)
                              c:/program files (x86)/gnu arm embedded toolchain/10 2021.10/bin/../lib/gcc/arm-none-eabi/10.3.1/../../../../arm-none-eabi/lib/thumb/v7e-m/nofp\libg_nano.a(lib_a-nano-svfprintf.o) (memcpy)
c:/program files (x86)/gnu arm embedded toolchain/10 2021.10/bin/../lib/gcc/arm-none-eabi/10.3.1/../../../../arm-none-eabi/lib/thumb/v7e-m/nofp\libg_nano.a(lib_a-memmove.o)
                              c:/program files (x86)/gnu arm embedded toolchain/10 2021.10/bin/../lib/gcc/arm-none-eabi/10.3.1/../../../../arm-none-eabi/lib/thumb/v7e-m/nofp\libg_nano.a(lib_a-nano-svfprintf.o) (memmove)
c:/program files (x86)/gnu arm embedded toolchain/10 2021.10/bin/../lib/gcc/arm-none-eabi/10.3.1/../../../../arm-none-eabi/lib/thumb/v7e-m/nofp\libg_nano.a(lib_a-nano-freer.o)
                              c:/program files (x86)/gnu arm embedded toolchain/10 2021.10/bin/../lib/gcc/arm-none-eabi/10.3.1/../../../../arm-none-eabi/lib/thumb/v7e-m/nofp\libg_nano.a(lib_a-nano-svfprintf.o) (_free_r)
c:/program files (x86)/gnu arm embedded toolchain/10 2021.10/bin/../lib/gcc/arm-none-eabi/10.3.1/../../../../arm-none-eabi/lib/thumb/v7e-m/nofp\libg_nano.a(lib_a-nano-mallocr.o)
                              c:/program files (x86)/gnu arm embedded toolchain/10 2021.10/bin/../lib/gcc/arm-none-eabi/10.3.1/../../../../arm-none-eabi/lib/thumb/v7e-m/nofp\libg_nano.a(lib_a-nano-svfprintf.o) (_malloc_r)
[...]
Memory Configuration

Name             Origin             Length             Attributes
RAM              0x20000000         0x00020000         xrw
CCMRAM           0x10000000         0x00010000         xrw
FLASH            0x08000000         0x00100000         xr
FLASHB1          0x00000000         0x00000000         xr
EXTMEMB0         0x00000000         0x00000000         xr
EXTMEMB1         0x00000000         0x00000000         xr
EXTMEMB2         0x00000000         0x00000000         xr
EXTMEMB3         0x00000000         0x00000000         xr
MEMORY_ARRAY     0x20002000         0x00000020         xrw
*default*        0x00000000         0xffffffff

Linker script and memory map

LOAD ./system/src/stm32f4-hal/stm32f4xx_hal.o
LOAD ./system/src/stm32f4-hal/stm32f4xx_hal_cortex.o
LOAD ./system/src/stm32f4-hal/stm32f4xx_hal_flash.o
LOAD ./system/src/stm32f4-hal/stm32f4xx_hal_flash_ex.o
LOAD ./system/src/stm32f4-hal/stm32f4xx_hal_flash_ramfunc.o
LOAD ./system/src/stm32f4-hal/stm32f4xx_hal_gpio.o
LOAD ./system/src/stm32f4-hal/stm32f4xx_hal_iwdg.o
LOAD ./system/src/stm32f4-hal/stm32f4xx_hal_pwr.o
LOAD ./system/src/stm32f4-hal/stm32f4xx_hal_rcc.o
LOAD ./system/src/newlib/assert.o
LOAD ./system/src/newlib/cxx.o
LOAD ./system/src/newlib/exit.o
LOAD ./system/src/newlib/sbrk.o
LOAD ./system/src/newlib/startup.o
LOAD ./system/src/newlib/syscalls.o
LOAD ./system/src/diag/trace-impl.o
LOAD ./system/src/diag/trace.o
LOAD ./system/src/cortexm/exception-handlers.o
LOAD ./system/src/cortexm/initialize-hardware.o
LOAD ./system/src/cortexm/reset-hardware.o
LOAD ./system/src/cmsis/system_stm32f4xx.o
LOAD ./system/src/cmsis/vectors_stm32f407xx.o
LOAD ./src/main.o
LOAD c:/program files (x86)/gnu arm embedded toolchain/10 2021.10/bin/../lib/gcc/arm-none-eabi/10.3.1/../../../../arm-none-eabi/lib/thumb/v7e-m/nofp\libstdc++_nano.a
LOAD c:/program files (x86)/gnu arm embedded toolchain/10 2021.10/bin/../lib/gcc/arm-none-eabi/10.3.1/../../../../arm-none-eabi/lib/thumb/v7e-m/nofp\libm.a
START GROUP
LOAD c:/program files (x86)/gnu arm embedded toolchain/10 2021.10/bin/../lib/gcc/arm-none-eabi/10.3.1/thumb/v7e-m/nofp\libgcc.a
LOAD c:/program files (x86)/gnu arm embedded toolchain/10 2021.10/bin/../lib/gcc/arm-none-eabi/10.3.1/../../../../arm-none-eabi/lib/thumb/v7e-m/nofp\libg_nano.a
LOAD c:/program files (x86)/gnu arm embedded toolchain/10 2021.10/bin/../lib/gcc/arm-none-eabi/10.3.1/../../../../arm-none-eabi/lib/thumb/v7e-m/nofp\libc_nano.a
END GROUP
START GROUP
LOAD c:/program files (x86)/gnu arm embedded toolchain/10 2021.10/bin/../lib/gcc/arm-none-eabi/10.3.1/thumb/v7e-m/nofp\libgcc.a
LOAD c:/program files (x86)/gnu arm embedded toolchain/10 2021.10/bin/../lib/gcc/arm-none-eabi/10.3.1/../../../../arm-none-eabi/lib/thumb/v7e-m/nofp\libc_nano.a
END GROUP
                0x20020000                __stack = (ORIGIN (RAM) + LENGTH (RAM))
                0x20020000                _estack = __stack
                0x00000400                __Main_Stack_Size = 0x400
                [!provide]                PROVIDE (_Main_Stack_Size = __Main_Stack_Size)
                0x2001fc00                __Main_Stack_Limit = (__stack - __Main_Stack_Size)
                [!provide]                PROVIDE (_Main_Stack_Limit = __Main_Stack_Limit)
                0x00000100                _Minimum_Stack_Size = 0x100
                0x20000118                PROVIDE (_Heap_Begin = _end_noinit)
                0x2001fc00                PROVIDE (_Heap_Limit = (__stack - __Main_Stack_Size))

.isr_vector     0x08000000      0x3e8
 FILL mask 0xff
                0x08000000                __vectors_start = ABSOLUTE (.)
                0x08000000                __vectors_start__ = ABSOLUTE (.)
 *(.isr_vector)
 .isr_vector    0x08000000      0x188 ./system/src/cmsis/vectors_stm32f407xx.o
                0x08000000                __isr_vectors
 *(.cfmconfig)
 *(.after_vectors .after_vectors.*)
 .after_vectors
                0x08000188      0x130 ./system/src/newlib/startup.o
                0x08000188                _start
 .after_vectors
                0x080002b8      0x12c ./system/src/cortexm/exception-handlers.o
                0x080002b8                Reset_Handler
                0x080002be                NMI_Handler
                0x080002c2                HardFault_Handler
                0x080002d6                HardFault_Handler_C
                0x08000334                MemManage_Handler
                0x08000338                BusFault_Handler
                0x0800034c                BusFault_Handler_C
                0x08000380                UsageFault_Handler
                0x08000394                UsageFault_Handler_C
                0x080003c8                SVC_Handler
                0x080003cc                DebugMon_Handler
                0x080003d0                PendSV_Handler
                0x080003d4                SysTick_Handler
 .after_vectors
                0x080003e4        0x4 ./system/src/cmsis/vectors_stm32f407xx.o
                0x080003e4                RTC_Alarm_IRQHandler
                0x080003e4                HASH_RNG_IRQHandler
                0x080003e4                EXTI2_IRQHandler
                0x080003e4                TIM8_CC_IRQHandler
                0x080003e4                TIM1_CC_IRQHandler
                0x080003e4                DMA2_Stream5_IRQHandler
                0x080003e4                DMA1_Stream5_IRQHandler
                0x080003e4                PVD_IRQHandler
                0x080003e4                SDIO_IRQHandler
                0x080003e4                TAMP_STAMP_IRQHandler
                0x080003e4                CAN2_RX1_IRQHandler
                0x080003e4                EXTI3_IRQHandler
                0x080003e4                TIM8_TRG_COM_TIM14_IRQHandler
                0x080003e4                TIM1_UP_TIM10_IRQHandler
                0x080003e4                TIM8_UP_TIM13_IRQHandler
                0x080003e4                I2C3_ER_IRQHandler
                0x080003e4                EXTI0_IRQHandler
                0x080003e4                I2C2_EV_IRQHandler
                0x080003e4                DMA1_Stream2_IRQHandler
                0x080003e4                CAN1_RX0_IRQHandler
                0x080003e4                FPU_IRQHandler
                0x080003e4                OTG_HS_WKUP_IRQHandler
                0x080003e4                CAN2_SCE_IRQHandler
                0x080003e4                DMA2_Stream2_IRQHandler
                0x080003e4                SPI1_IRQHandler
                0x080003e4                TIM6_DAC_IRQHandler
                0x080003e4                TIM1_BRK_TIM9_IRQHandler
                0x080003e4                DCMI_IRQHandler
                0x080003e4                CAN2_RX0_IRQHandler
                0x080003e4                DMA2_Stream3_IRQHandler
                0x080003e4                USART6_IRQHandler
                0x080003e4                USART3_IRQHandler
                0x080003e4                CAN1_RX1_IRQHandler
                0x080003e4                UART5_IRQHandler
                0x080003e4                DMA2_Stream0_IRQHandler
                0x080003e4                TIM4_IRQHandler
                0x080003e4                I2C1_EV_IRQHandler
                0x080003e4                DMA1_Stream6_IRQHandler
                0x080003e4                DMA1_Stream1_IRQHandler
                0x080003e4                UART4_IRQHandler
                0x080003e4                TIM3_IRQHandler
                0x080003e4                RCC_IRQHandler
                0x080003e4                TIM8_BRK_TIM12_IRQHandler
                0x080003e4                Default_Handler
                0x080003e4                EXTI15_10_IRQHandler
                0x080003e4                ADC_IRQHandler
                0x080003e4                DMA1_Stream7_IRQHandler
                0x080003e4                TIM7_IRQHandler
                0x080003e4                CAN2_TX_IRQHandler
                0x080003e4                TIM5_IRQHandler
                0x080003e4                DMA2_Stream7_IRQHandler
                0x080003e4                I2C3_EV_IRQHandler
                0x080003e4                EXTI9_5_IRQHandler
                0x080003e4                RTC_WKUP_IRQHandler
                0x080003e4                ETH_WKUP_IRQHandler
                0x080003e4                SPI2_IRQHandler
                0x080003e4                OTG_HS_EP1_IN_IRQHandler
                0x080003e4                DMA1_Stream0_IRQHandler
                0x080003e4                CAN1_TX_IRQHandler
                0x080003e4                EXTI4_IRQHandler
                0x080003e4                ETH_IRQHandler
                0x080003e4                OTG_HS_EP1_OUT_IRQHandler
                0x080003e4                WWDG_IRQHandler
                0x080003e4                TIM2_IRQHandler
                0x080003e4                OTG_FS_WKUP_IRQHandler
                0x080003e4                TIM1_TRG_COM_TIM11_IRQHandler
                0x080003e4                OTG_HS_IRQHandler
                0x080003e4                EXTI1_IRQHandler
                0x080003e4                USART2_IRQHandler
                0x080003e4                I2C2_ER_IRQHandler
                0x080003e4                DMA2_Stream1_IRQHandler
                0x080003e4                CAN1_SCE_IRQHandler
                0x080003e4                FLASH_IRQHandler
                0x080003e4                DMA2_Stream4_IRQHandler
                0x080003e4                USART1_IRQHandler
                0x080003e4                OTG_FS_IRQHandler
                0x080003e4                SPI3_IRQHandler
                0x080003e4                DMA1_Stream4_IRQHandler
                0x080003e4                I2C1_ER_IRQHandler
                0x080003e4                FMC_IRQHandler
                0x080003e4                DMA2_Stream6_IRQHandler
                0x080003e4                DMA1_Stream3_IRQHandler

.inits          0x080003e8       0x28
                0x080003e8                __data_regions_array_start = .
                0x080003e8        0x4 LONG 0x80017d4 LOADADDR (.data)
                0x080003ec        0x4 LONG 0x20000000 ADDR (.data)
                0x080003f0        0x4 LONG 0x20000078 (ADDR (.data) + SIZEOF (.data))
                0x080003f4        0x4 LONG 0x80017d4 LOADADDR (.data_CCMRAM)
                0x080003f8        0x4 LONG 0x10000000 ADDR (.data_CCMRAM)
                0x080003fc        0x4 LONG 0x10000000 (ADDR (.data_CCMRAM) + SIZEOF (.data_CCMRAM))
                0x08000400                __data_regions_array_end = .
                0x08000400                __bss_regions_array_start = .
                0x08000400        0x4 LONG 0x20000078 ADDR (.bss)
                0x08000404        0x4 LONG 0x20000118 (ADDR (.bss) + SIZEOF (.bss))
                0x08000408        0x4 LONG 0x10000000 ADDR (.bss_CCMRAM)
                0x0800040c        0x4 LONG 0x10000000 (ADDR (.bss_CCMRAM) + SIZEOF (.bss_CCMRAM))
                0x08000410                __bss_regions_array_end = .
 *(.init)
 *(.fini)
                0x08000410                . = ALIGN (0x4)
                0x08000410                PROVIDE (__preinit_array_start = .)
 *(.preinit_array_sysinit .preinit_array_sysinit.*)
 *(.preinit_array_platform .preinit_array_platform.*)
 *(.preinit_array .preinit_array.*)
                0x08000410                PROVIDE (__preinit_array_end = .)
                0x08000410                . = ALIGN (0x4)
                0x08000410                PROVIDE (__init_array_start = .)
 *(SORT_BY_NAME(.init_array.*))
 *(.init_array)
                0x08000410                PROVIDE (__init_array_end = .)
                0x08000410                . = ALIGN (0x4)
                0x08000410                PROVIDE (__fini_array_start = .)
 *(SORT_BY_NAME(.fini_array.*))
 *(.fini_array)
                0x08000410                PROVIDE (__fini_array_end = .)

.flashtext
 *(.flashtext .flashtext.*)

.text           0x08000410     0x13c3
 *(.text .text.*)
 .text.HAL_GPIO_Init
                0x08000410      0x2f4 ./system/src/stm32f4-hal/stm32f4xx_hal_gpio.o
                0x08000410                HAL_GPIO_Init
 .text.HAL_GPIO_ReadPin
                0x08000704       0x28 ./system/src/stm32f4-hal/stm32f4xx_hal_gpio.o
                0x08000704                HAL_GPIO_ReadPin
 .text.HAL_GPIO_WritePin
                0x0800072c       0x38 ./system/src/stm32f4-hal/stm32f4xx_hal_gpio.o
                0x0800072c                HAL_GPIO_WritePin
 .text.assert_failed
                0x08000764       0x14 ./system/src/newlib/assert.o
                0x08000764                assert_failed
 .text._exit    0x08000778        0x2 ./system/src/newlib/exit.o
                0x08000778                _exit
 *fill*         0x0800077a        0x2 
 .text.abort    0x0800077c       0x14 ./system/src/newlib/exit.o
                0x0800077c                abort
 .text._sbrk    0x08000790       0x44 ./system/src/newlib/sbrk.o
                0x08000790                _sbrk
 .text.__initialize_args
                0x080007d4       0x10 ./system/src/newlib/syscalls.o
                0x080007d4                __initialize_args
 .text._trace_write_semihosting_debug
                0x080007e4       0x62 ./system/src/diag/trace-impl.o
 .text.trace_write
                0x08000846        0x8 ./system/src/diag/trace-impl.o
                0x08000846                trace_write
 *fill*         0x0800084e        0x2 
 .text.trace_printf
                0x08000850       0x34 ./system/src/diag/trace.o
                0x08000850                trace_printf
 .text.trace_puts
                0x08000884       0x20 ./system/src/diag/trace.o
                0x08000884                trace_puts
 .text.dumpExceptionStack
                0x080008a4       0xf4 ./system/src/cortexm/exception-handlers.o
                0x080008a4                dumpExceptionStack
 .text.isSemihosting
                0x08000998       0x20 ./system/src/cortexm/exception-handlers.o
                0x08000998                isSemihosting
 .text.__initialize_hardware_early
                0x080009b8       0x18 ./system/src/cortexm/initialize-hardware.o
                0x080009b8                __initialize_hardware_early
 .text.__initialize_hardware
                0x080009d0        0x8 ./system/src/cortexm/initialize-hardware.o
                0x080009d0                __initialize_hardware
 .text.SystemInit
                0x080009d8       0x10 ./system/src/cmsis/system_stm32f4xx.o
                0x080009d8                SystemInit
 .text.SystemCoreClockUpdate
                0x080009e8       0xa0 ./system/src/cmsis/system_stm32f4xx.o
                0x080009e8                SystemCoreClockUpdate
 .text.Init_OnBoard_LEDs
                0x08000a88       0x3c ./src/main.o
                0x08000a88                Init_OnBoard_LEDs
 .text.configure_Button
                0x08000ac4       0x3c ./src/main.o
                0x08000ac4                configure_Button
 .text.Delay_ms
                0x08000b00       0x1c ./src/main.o
                0x08000b00                Delay_ms
 .text.main     0x08000b1c       0xf4 ./src/main.o
                0x08000b1c                main
 .text.__errno  0x08000c10        0xc c:/program files (x86)/gnu arm embedded toolchain/10 2021.10/bin/../lib/gcc/arm-none-eabi/10.3.1/../../../../arm-none-eabi/lib/thumb/v7e-m/nofp\libg_nano.a(lib_a-errno.o)
                0x08000c10                __errno
 .text          0x08000c1c       0x10 c:/program files (x86)/gnu arm embedded toolchain/10 2021.10/bin/../lib/gcc/arm-none-eabi/10.3.1/../../../../arm-none-eabi/lib/thumb/v7e-m/nofp\libg_nano.a(lib_a-strlen.o)
                0x08000c1c                strlen
 .text._vsnprintf_r
                0x08000c2c       0x56 c:/program files (x86)/gnu arm embedded toolchain/10 2021.10/bin/../lib/gcc/arm-none-eabi/10.3.1/../../../../arm-none-eabi/lib/thumb/v7e-m/nofp\libg_nano.a(lib_a-vsnprintf.o)
                0x08000c2c                _vsniprintf_r
                0x08000c2c                _vsnprintf_r
 *fill*         0x08000c82        0x2 
 .text.vsnprintf
                0x08000c84       0x1c c:/program files (x86)/gnu arm embedded toolchain/10 2021.10/bin/../lib/gcc/arm-none-eabi/10.3.1/../../../../arm-none-eabi/lib/thumb/v7e-m/nofp\libg_nano.a(lib_a-vsnprintf.o)
                0x08000c84                vsniprintf
                0x08000c84                vsnprintf
 .text.__ssputs_r
                0x08000ca0       0xb6 c:/program files (x86)/gnu arm embedded toolchain/10 2021.10/bin/../lib/gcc/arm-none-eabi/10.3.1/../../../../arm-none-eabi/lib/thumb/v7e-m/nofp\libg_nano.a(lib_a-nano-svfprintf.o)
                0x08000ca0                __ssputs_r
 *fill*         0x08000d56        0x2 
 .text._svfprintf_r
                0x08000d58      0x200 c:/program files (x86)/gnu arm embedded toolchain/10 2021.10/bin/../lib/gcc/arm-none-eabi/10.3.1/../../../../arm-none-eabi/lib/thumb/v7e-m/nofp\libg_nano.a(lib_a-nano-svfprintf.o)
                0x08000d58                _svfiprintf_r
                0x08000d58                _svfprintf_r
 .text._printf_common
                0x08000f58       0xda c:/program files (x86)/gnu arm embedded toolchain/10 2021.10/bin/../lib/gcc/arm-none-eabi/10.3.1/../../../../arm-none-eabi/lib/thumb/v7e-m/nofp\libg_nano.a(lib_a-nano-vfprintf_i.o)
                0x08000f58                _printf_common
 *fill*         0x08001032        0x2 
 .text._printf_i
                0x08001034      0x24c c:/program files (x86)/gnu arm embedded toolchain/10 2021.10/bin/../lib/gcc/arm-none-eabi/10.3.1/../../../../arm-none-eabi/lib/thumb/v7e-m/nofp\libg_nano.a(lib_a-nano-vfprintf_i.o)
                0x08001034                _printf_i
 .text          0x08001280       0xa0 c:/program files (x86)/gnu arm embedded toolchain/10 2021.10/bin/../lib/gcc/arm-none-eabi/10.3.1/../../../../arm-none-eabi/lib/thumb/v7e-m/nofp\libg_nano.a(lib_a-memchr.o)
                0x08001280                memchr
 .text.memcpy   0x08001320       0x1c c:/program files (x86)/gnu arm embedded toolchain/10 2021.10/bin/../lib/gcc/arm-none-eabi/10.3.1/../../../../arm-none-eabi/lib/thumb/v7e-m/nofp\libg_nano.a(lib_a-memcpy-stub.o)
                0x08001320                memcpy
 .text.memmove  0x0800133c       0x34 c:/program files (x86)/gnu arm embedded toolchain/10 2021.10/bin/../lib/gcc/arm-none-eabi/10.3.1/../../../../arm-none-eabi/lib/thumb/v7e-m/nofp\libg_nano.a(lib_a-memmove.o)
                0x0800133c                memmove
 .text._free_r  0x08001370       0x94 c:/program files (x86)/gnu arm embedded toolchain/10 2021.10/bin/../lib/gcc/arm-none-eabi/10.3.1/../../../../arm-none-eabi/lib/thumb/v7e-m/nofp\libg_nano.a(lib_a-nano-freer.o)
                0x08001370                _free_r
 .text.sbrk_aligned
                0x08001404       0x40 c:/program files (x86)/gnu arm embedded toolchain/10 2021.10/bin/../lib/gcc/arm-none-eabi/10.3.1/../../../../arm-none-eabi/lib/thumb/v7e-m/nofp\libg_nano.a(lib_a-nano-mallocr.o)
 .text._malloc_r
                0x08001444       0xe8 c:/program files (x86)/gnu arm embedded toolchain/10 2021.10/bin/../lib/gcc/arm-none-eabi/10.3.1/../../../../arm-none-eabi/lib/thumb/v7e-m/nofp\libg_nano.a(lib_a-nano-mallocr.o)
                0x08001444                _malloc_r
 .text._realloc_r
                0x0800152c       0x5e c:/program files (x86)/gnu arm embedded toolchain/10 2021.10/bin/../lib/gcc/arm-none-eabi/10.3.1/../../../../arm-none-eabi/lib/thumb/v7e-m/nofp\libg_nano.a(lib_a-nano-reallocr.o)
                0x0800152c                _realloc_r
 *fill*         0x0800158a        0x2 
 .text._sbrk_r  0x0800158c       0x20 c:/program files (x86)/gnu arm embedded toolchain/10 2021.10/bin/../lib/gcc/arm-none-eabi/10.3.1/../../../../arm-none-eabi/lib/thumb/v7e-m/nofp\libg_nano.a(lib_a-sbrkr.o)
                0x0800158c                _sbrk_r
 .text.__malloc_lock
                0x080015ac        0xc c:/program files (x86)/gnu arm embedded toolchain/10 2021.10/bin/../lib/gcc/arm-none-eabi/10.3.1/../../../../arm-none-eabi/lib/thumb/v7e-m/nofp\libg_nano.a(lib_a-mlock.o)
                0x080015ac                __malloc_lock
 .text.__malloc_unlock
                0x080015b8        0xc c:/program files (x86)/gnu arm embedded toolchain/10 2021.10/bin/../lib/gcc/arm-none-eabi/10.3.1/../../../../arm-none-eabi/lib/thumb/v7e-m/nofp\libg_nano.a(lib_a-mlock.o)
                0x080015b8                __malloc_unlock
 .text._malloc_usable_size_r
                0x080015c4       0x10 c:/program files (x86)/gnu arm embedded toolchain/10 2021.10/bin/../lib/gcc/arm-none-eabi/10.3.1/../../../../arm-none-eabi/lib/thumb/v7e-m/nofp\libg_nano.a(lib_a-nano-msizer.o)
                0x080015c4                _malloc_usable_size_r
 .text.__retarget_lock_acquire_recursive
                0x080015d4        0x2 c:/program files (x86)/gnu arm embedded toolchain/10 2021.10/bin/../lib/gcc/arm-none-eabi/10.3.1/../../../../arm-none-eabi/lib/thumb/v7e-m/nofp\libg_nano.a(lib_a-lock.o)
                0x080015d4                __retarget_lock_acquire_recursive
 .text.__retarget_lock_release_recursive
                0x080015d6        0x2 c:/program files (x86)/gnu arm embedded toolchain/10 2021.10/bin/../lib/gcc/arm-none-eabi/10.3.1/../../../../arm-none-eabi/lib/thumb/v7e-m/nofp\libg_nano.a(lib_a-lock.o)
                0x080015d6                __retarget_lock_release_recursive
 *(.rodata .rodata.* .constdata .constdata.*)
 .rodata.HAL_GPIO_Init.str1.4
                0x080015d8       0x2f ./system/src/stm32f4-hal/stm32f4xx_hal_gpio.o
 *fill*         0x08001607        0x1 
 .rodata.assert_failed.str1.4
                0x08001608       0x2b ./system/src/newlib/assert.o
 *fill*         0x08001633        0x1 
 .rodata.abort.str1.4
                0x08001634       0x14 ./system/src/newlib/exit.o
 .rodata.trace_puts.str1.4
                0x08001648       0x14 ./system/src/diag/trace.o
                                  0x2 (size before relaxing)
 .rodata.dumpExceptionStack.str1.4
                0x08001648      0x11a ./system/src/cortexm/exception-handlers.o
 *fill*         0x08001762        0x2 
 .rodata.str1.4
                0x08001764       0x2a ./system/src/cortexm/exception-handlers.o
 *fill*         0x0800178e        0x2 
 .rodata.AHBPrescTable
                0x08001790       0x10 ./system/src/cmsis/system_stm32f4xx.o
                0x08001790                AHBPrescTable
 .rodata._svfprintf_r.str1.1
                0x080017a0       0x11 c:/program files (x86)/gnu arm embedded toolchain/10 2021.10/bin/../lib/gcc/arm-none-eabi/10.3.1/../../../../arm-none-eabi/lib/thumb/v7e-m/nofp\libg_nano.a(lib_a-nano-svfprintf.o)
 .rodata._printf_i.str1.1
                0x080017b1       0x22 c:/program files (x86)/gnu arm embedded toolchain/10 2021.10/bin/../lib/gcc/arm-none-eabi/10.3.1/../../../../arm-none-eabi/lib/thumb/v7e-m/nofp\libg_nano.a(lib_a-nano-vfprintf_i.o)
 *(vtable)
 *(.eh_frame*)
 *(.glue_7)
 .glue_7        0x080017d3        0x0 linker stubs
 *(.glue_7t)
 .glue_7t       0x080017d3        0x0 linker stubs

.vfp11_veneer   0x080017d4        0x0
 .vfp11_veneer  0x080017d4        0x0 linker stubs

.v4_bx          0x080017d4        0x0
 .v4_bx         0x080017d4        0x0 linker stubs

.iplt           0x080017d4        0x0
 .iplt          0x080017d4        0x0 ./system/src/stm32f4-hal/stm32f4xx_hal_gpio.o

.rel.dyn        0x080017d4        0x0
 .rel.iplt      0x080017d4        0x0 ./system/src/stm32f4-hal/stm32f4xx_hal_gpio.o

.ARM.extab
 *(.ARM.extab* .gnu.linkonce.armextab.*)
                0x080017d4                . = ALIGN (0x4)
                0x080017d4                __exidx_start = .

.ARM.exidx
 *(.ARM.exidx* .gnu.linkonce.armexidx.*)
                0x080017d4                __exidx_end = .
                0x080017d4                . = ALIGN (0x4)
                0x080017d4                _etext = .
                0x080017d4                __etext = .

.data_CCMRAM    0x10000000        0x0 load address 0x080017d4
 FILL mask 0xff
 *(.data.CCMRAM .data.CCMRAM.*)
                0x10000000                . = ALIGN (0x4)
                0x080017d4                _sidata = LOADADDR (.data)

.data           0x20000000       0x78 load address 0x080017d4
 FILL mask 0xff
                0x20000000                _sdata = .
                0x20000000                __data_start__ = .
 *(.data_begin .data_begin.*)
 .data_begin    0x20000000        0x4 ./system/src/newlib/startup.o
 *(.data .data.*)
 .data.argv.1   0x20000004        0x8 ./system/src/newlib/syscalls.o
 .data.SystemCoreClock
                0x2000000c        0x4 ./system/src/cmsis/system_stm32f4xx.o
                0x2000000c                SystemCoreClock
 .data._impure_ptr
                0x20000010        0x4 c:/program files (x86)/gnu arm embedded toolchain/10 2021.10/bin/../lib/gcc/arm-none-eabi/10.3.1/../../../../arm-none-eabi/lib/thumb/v7e-m/nofp\libg_nano.a(lib_a-impure.o)
                0x20000010                _impure_ptr
 .data.impure_data
                0x20000014       0x60 c:/program files (x86)/gnu arm embedded toolchain/10 2021.10/bin/../lib/gcc/arm-none-eabi/10.3.1/../../../../arm-none-eabi/lib/thumb/v7e-m/nofp\libg_nano.a(lib_a-impure.o)
 *(.data_end .data_end.*)
 .data_end      0x20000074        0x4 ./system/src/newlib/startup.o
                0x20000078                . = ALIGN (0x4)
                0x20000078                _edata = .
                0x20000078                __data_end__ = .

.igot.plt       0x20000078        0x0 load address 0x0800184c
 .igot.plt      0x20000078        0x0 ./system/src/stm32f4-hal/stm32f4xx_hal_gpio.o

.bss_CCMRAM     0x10000000        0x0
 *(.bss.CCMRAM .bss.CCMRAM.*)

.bss            0x20000078       0xa0
                0x20000078                __bss_start__ = .
                0x20000078                _sbss = .
 *(.bss_begin .bss_begin.*)
 .bss_begin     0x20000078        0x4 ./system/src/newlib/startup.o
 *(.bss .bss.*)
 .bss.current_heap_end.0
                0x2000007c        0x4 ./system/src/newlib/sbrk.o
 .bss.errno     0x20000080        0x4 ./system/src/newlib/syscalls.o
                0x20000080                errno
 .bss.name.0    0x20000084        0x1 ./system/src/newlib/syscalls.o
 *fill*         0x20000085        0x3 
 .bss.buf.0     0x20000088       0x80 ./system/src/diag/trace.o
 .bss.__malloc_free_list
                0x20000108        0x4 c:/program files (x86)/gnu arm embedded toolchain/10 2021.10/bin/../lib/gcc/arm-none-eabi/10.3.1/../../../../arm-none-eabi/lib/thumb/v7e-m/nofp\libg_nano.a(lib_a-nano-mallocr.o)
                0x20000108                __malloc_free_list
 .bss.__malloc_sbrk_start
                0x2000010c        0x4 c:/program files (x86)/gnu arm embedded toolchain/10 2021.10/bin/../lib/gcc/arm-none-eabi/10.3.1/../../../../arm-none-eabi/lib/thumb/v7e-m/nofp\libg_nano.a(lib_a-nano-mallocr.o)
                0x2000010c                __malloc_sbrk_start
 .bss.__lock___malloc_recursive_mutex
                0x20000110        0x1 c:/program files (x86)/gnu arm embedded toolchain/10 2021.10/bin/../lib/gcc/arm-none-eabi/10.3.1/../../../../arm-none-eabi/lib/thumb/v7e-m/nofp\libg_nano.a(lib_a-lock.o)
                0x20000110                __lock___malloc_recursive_mutex
 *(COMMON)
 *(.bss_end .bss_end.*)
 *fill*         0x20000111        0x3 
 .bss_end       0x20000114        0x4 ./system/src/newlib/startup.o
                0x20000118                . = ALIGN (0x4)
                0x20000118                __bss_end__ = .
                0x20000118                _ebss = .

.noinit_CCMRAM
 *(.noinit.CCMRAM .noinit.CCMRAM.*)

.noinit         0x20000118        0x0
                0x20000118                _noinit = .
 *(.noinit .noinit.*)
                0x20000118                . = ALIGN (0x4)
                0x20000118                _end_noinit = .
                [!provide]                PROVIDE (end = _end_noinit)
                [!provide]                PROVIDE (_end = _end_noinit)
                [!provide]                PROVIDE (__end = _end_noinit)
                [!provide]                PROVIDE (__end__ = _end_noinit)

._check_stack   0x20000118      0x100
                0x20000218                . = (. + _Minimum_Stack_Size)
 *fill*         0x20000118      0x100 

.b1text
 *(.b1text)
 *(.b1rodata)
 *(.b1rodata.*)

.eb0text
 *(.eb0text)
 *(.eb0rodata)
 *(.eb0rodata.*)

.eb1text
 *(.eb1text)
 *(.eb1rodata)
 *(.eb1rodata.*)

.eb2text
 *(.eb2text)
 *(.eb2rodata)
 *(.eb2rodata.*)

.eb3text
 *(.eb3text)
 *(.eb3rodata)
 *(.eb3rodata.*)

.stab
 *(.stab)

.stabstr
 *(.stabstr)

.stab.excl
 *(.stab.excl)

.stab.exclstr
 *(.stab.exclstr)

.stab.index
 *(.stab.index)

.stab.indexstr
 *(.stab.indexstr)

.comment        0x00000000       0x49
 *(.comment)
 .comment       0x00000000       0x49 ./system/src/stm32f4-hal/stm32f4xx_hal_gpio.o
                                 0x4a (size before relaxing)
 .comment       0x00000049       0x4a ./system/src/newlib/assert.o
 .comment       0x00000049       0x4a ./system/src/newlib/exit.o
 .comment       0x00000049       0x4a ./system/src/newlib/sbrk.o
 .comment       0x00000049       0x4a ./system/src/newlib/startup.o
 .comment       0x00000049       0x4a ./system/src/newlib/syscalls.o
 .comment       0x00000049       0x4a ./system/src/diag/trace-impl.o
 .comment       0x00000049       0x4a ./system/src/diag/trace.o
 .comment       0x00000049       0x4a ./system/src/cortexm/exception-handlers.o
 .comment       0x00000049       0x4a ./system/src/cortexm/initialize-hardware.o
 .comment       0x00000049       0x4a ./system/src/cmsis/system_stm32f4xx.o
 .comment       0x00000049       0x4a ./system/src/cmsis/vectors_stm32f407xx.o
 .comment       0x00000049       0x4a ./src/main.o

.ARM.attributes
                0x00000000       0x2c
 .ARM.attributes
                0x00000000       0x2e ./system/src/stm32f4-hal/stm32f4xx_hal_gpio.o
 .ARM.attributes
                0x0000002e       0x2e ./system/src/newlib/assert.o
 .ARM.attributes
                0x0000005c       0x2e ./system/src/newlib/exit.o
 .ARM.attributes
                0x0000008a       0x2e ./system/src/newlib/sbrk.o
 .ARM.attributes
                0x000000b8       0x2e ./system/src/newlib/startup.o
 .ARM.attributes
                0x000000e6       0x2e ./system/src/newlib/syscalls.o
 .ARM.attributes
                0x00000114       0x2e ./system/src/diag/trace-impl.o
 .ARM.attributes
                0x00000142       0x2e ./system/src/diag/trace.o
 .ARM.attributes
                0x00000170       0x2e ./system/src/cortexm/exception-handlers.o
 .ARM.attributes
                0x0000019e       0x2e ./system/src/cortexm/initialize-hardware.o
 .ARM.attributes
                0x000001cc       0x2e ./system/src/cmsis/system_stm32f4xx.o
 .ARM.attributes
                0x000001fa       0x2e ./system/src/cmsis/vectors_stm32f407xx.o
 .ARM.attributes
                0x00000228       0x2e ./src/main.o
 .ARM.attributes
                0x00000256       0x2e c:/program files (x86)/gnu arm embedded toolchain/10 2021.10/bin/../lib/gcc/arm-none-eabi/10.3.1/../../../../arm-none-eabi/lib/thumb/v7e-m/nofp\libg_nano.a(lib_a-errno.o)
 .ARM.attributes
                0x00000284       0x2e c:/program files (x86)/gnu arm embedded toolchain/10 2021.10/bin/../lib/gcc/arm-none-eabi/10.3.1/../../../../arm-none-eabi/lib/thumb/v7e-m/nofp\libg_nano.a(lib_a-impure.o)
 .ARM.attributes
                0x000002b2       0x17 c:/program files (x86)/gnu arm embedded toolchain/10 2021.10/bin/../lib/gcc/arm-none-eabi/10.3.1/../../../../arm-none-eabi/lib/thumb/v7e-m/nofp\libg_nano.a(lib_a-strlen.o)
 .ARM.attributes
                0x000002c9       0x2e c:/program files (x86)/gnu arm embedded toolchain/10 2021.10/bin/../lib/gcc/arm-none-eabi/10.3.1/../../../../arm-none-eabi/lib/thumb/v7e-m/nofp\libg_nano.a(lib_a-vsnprintf.o)
 .ARM.attributes
                0x000002f7       0x2e c:/program files (x86)/gnu arm embedded toolchain/10 2021.10/bin/../lib/gcc/arm-none-eabi/10.3.1/../../../../arm-none-eabi/lib/thumb/v7e-m/nofp\libg_nano.a(lib_a-nano-svfprintf.o)
 .ARM.attributes
                0x00000325       0x2e c:/program files (x86)/gnu arm embedded toolchain/10 2021.10/bin/../lib/gcc/arm-none-eabi/10.3.1/../../../../arm-none-eabi/lib/thumb/v7e-m/nofp\libg_nano.a(lib_a-nano-vfprintf_i.o)
 .ARM.attributes
                0x00000353       0x1c c:/program files (x86)/gnu arm embedded toolchain/10 2021.10/bin/../lib/gcc/arm-none-eabi/10.3.1/../../../../arm-none-eabi/lib/thumb/v7e-m/nofp\libg_nano.a(lib_a-memchr.o)
 .ARM.attributes
                0x0000036f       0x2e c:/program files (x86)/gnu arm embedded toolchain/10 2021.10/bin/../lib/gcc/arm-none-eabi/10.3.1/../../../../arm-none-eabi/lib/thumb/v7e-m/nofp\libg_nano.a(lib_a-memcpy-stub.o)
 .ARM.attributes
                0x0000039d       0x2e c:/program files (x86)/gnu arm embedded toolchain/10 2021.10/bin/../lib/gcc/arm-none-eabi/10.3.1/../../../../arm-none-eabi/lib/thumb/v7e-m/nofp\libg_nano.a(lib_a-memmove.o)
 .ARM.attributes
                0x000003cb       0x2e c:/program files (x86)/gnu arm embedded toolchain/10 2021.10/bin/../lib/gcc/arm-none-eabi/10.3.1/../../../../arm-none-eabi/lib/thumb/v7e-m/nofp\libg_nano.a(lib_a-nano-freer.o)
 .ARM.attributes
                0x000003f9       0x2e c:/program files (x86)/gnu arm embedded toolchain/10 2021.10/bin/../lib/gcc/arm-none-eabi/10.3.1/../../../../arm-none-eabi/lib/thumb/v7e-m/nofp\libg_nano.a(lib_a-nano-mallocr.o)
 .ARM.attributes
                0x00000427       0x2e c:/program files (x86)/gnu arm embedded toolchain/10 2021.10/bin/../lib/gcc/arm-none-eabi/10.3.1/../../../../arm-none-eabi/lib/thumb/v7e-m/nofp\libg_nano.a(lib_a-nano-reallocr.o)
 .ARM.attributes
                0x00000455       0x2e c:/program files (x86)/gnu arm embedded toolchain/10 2021.10/bin/../lib/gcc/arm-none-eabi/10.3.1/../../../../arm-none-eabi/lib/thumb/v7e-m/nofp\libg_nano.a(lib_a-sbrkr.o)
 .ARM.attributes
                0x00000483       0x2e c:/program files (x86)/gnu arm embedded toolchain/10 2021.10/bin/../lib/gcc/arm-none-eabi/10.3.1/../../../../arm-none-eabi/lib/thumb/v7e-m/nofp\libg_nano.a(lib_a-mlock.o)
 .ARM.attributes
                0x000004b1       0x2e c:/program files (x86)/gnu arm embedded toolchain/10 2021.10/bin/../lib/gcc/arm-none-eabi/10.3.1/../../../../arm-none-eabi/lib/thumb/v7e-m/nofp\libg_nano.a(lib_a-nano-msizer.o)
 .ARM.attributes
                0x000004df       0x2e c:/program files (x86)/gnu arm embedded toolchain/10 2021.10/bin/../lib/gcc/arm-none-eabi/10.3.1/../../../../arm-none-eabi/lib/thumb/v7e-m/nofp\libg_nano.a(lib_a-lock.o)

.debug
 *(.debug)

.line
 *(.line)

.debug_srcinfo
 *(.debug_srcinfo)

.debug_sfnames
 *(.debug_sfnames)

.debug_aranges  0x00000000      0x2d8
 *(.debug_aranges)
 .debug_aranges
                0x00000000       0x58 ./system/src/stm32f4-hal/stm32f4xx_hal_gpio.o
 .debug_aranges
                0x00000058       0x28 ./system/src/newlib/assert.o
 .debug_aranges
                0x00000080       0x28 ./system/src/newlib/exit.o
 .debug_aranges
                0x000000a8       0x20 ./system/src/newlib/sbrk.o
 .debug_aranges
                0x000000c8       0x40 ./system/src/newlib/startup.o
 .debug_aranges
                0x00000108       0x30 ./system/src/newlib/syscalls.o
 .debug_aranges
                0x00000138       0x30 ./system/src/diag/trace-impl.o
 .debug_aranges
                0x00000168       0x38 ./system/src/diag/trace.o
 .debug_aranges
                0x000001a0       0x90 ./system/src/cortexm/exception-handlers.o
 .debug_aranges
                0x00000230       0x28 ./system/src/cortexm/initialize-hardware.o
 .debug_aranges
                0x00000258       0x28 ./system/src/cmsis/system_stm32f4xx.o
 .debug_aranges
                0x00000280       0x20 ./system/src/cmsis/vectors_stm32f407xx.o
 .debug_aranges
                0x000002a0       0x38 ./src/main.o

.debug_pubnames
 *(.debug_pubnames)

.debug_info     0x00000000     0x339e
 *(.debug_info .gnu.linkonce.wi.*)
 .debug_info    0x00000000      0x90c ./system/src/stm32f4-hal/stm32f4xx_hal_gpio.o
 .debug_info    0x0000090c      0x1c1 ./system/src/newlib/assert.o
 .debug_info    0x00000acd       0xf2 ./system/src/newlib/exit.o
 .debug_info    0x00000bbf      0x112 ./system/src/newlib/sbrk.o
 .debug_info    0x00000cd1      0x573 ./system/src/newlib/startup.o
 .debug_info    0x00001244      0x1d5 ./system/src/newlib/syscalls.o
 .debug_info    0x00001419      0x320 ./system/src/diag/trace-impl.o
 .debug_info    0x00001739      0x30b ./system/src/diag/trace.o
 .debug_info    0x00001a44      0x983 ./system/src/cortexm/exception-handlers.o
 .debug_info    0x000023c7      0x2b3 ./system/src/cortexm/initialize-hardware.o
 .debug_info    0x0000267a      0x524 ./system/src/cmsis/system_stm32f4xx.o
 .debug_info    0x00002b9e       0xce ./system/src/cmsis/vectors_stm32f407xx.o
 .debug_info    0x00002c6c      0x732 ./src/main.o

.debug_abbrev   0x00000000     0x117b
 *(.debug_abbrev)
 .debug_abbrev  0x00000000      0x22e ./system/src/stm32f4-hal/stm32f4xx_hal_gpio.o
 .debug_abbrev  0x0000022e       0xb6 ./system/src/newlib/assert.o
 .debug_abbrev  0x000002e4       0x97 ./system/src/newlib/exit.o
 .debug_abbrev  0x0000037b       0xcd ./system/src/newlib/sbrk.o
 .debug_abbrev  0x00000448      0x1fa ./system/src/newlib/startup.o
 .debug_abbrev  0x00000642      0x10e ./system/src/newlib/syscalls.o
 .debug_abbrev  0x00000750      0x1eb ./system/src/diag/trace-impl.o
 .debug_abbrev  0x0000093b      0x173 ./system/src/diag/trace.o
 .debug_abbrev  0x00000aae      0x267 ./system/src/cortexm/exception-handlers.o
 .debug_abbrev  0x00000d15       0xe9 ./system/src/cortexm/initialize-hardware.o
 .debug_abbrev  0x00000dfe      0x11c ./system/src/cmsis/system_stm32f4xx.o
 .debug_abbrev  0x00000f1a       0xa5 ./system/src/cmsis/vectors_stm32f407xx.o
 .debug_abbrev  0x00000fbf      0x1bc ./src/main.o

.debug_line     0x00000000     0x5f31
 *(.debug_line)
 .debug_line    0x00000000      0xede ./system/src/stm32f4-hal/stm32f4xx_hal_gpio.o
 .debug_line    0x00000ede      0x3c2 ./system/src/newlib/assert.o
 .debug_line    0x000012a0      0x385 ./system/src/newlib/exit.o
 .debug_line    0x00001625      0x36f ./system/src/newlib/sbrk.o
 .debug_line    0x00001994      0x65b ./system/src/newlib/startup.o
 .debug_line    0x00001fef      0x486 ./system/src/newlib/syscalls.o
 .debug_line    0x00002475      0xbbb ./system/src/diag/trace-impl.o
 .debug_line    0x00003030      0x462 ./system/src/diag/trace.o
 .debug_line    0x00003492      0xdef ./system/src/cortexm/exception-handlers.o
 .debug_line    0x00004281      0x888 ./system/src/cortexm/initialize-hardware.o
 .debug_line    0x00004b09      0x91a ./system/src/cmsis/system_stm32f4xx.o
 .debug_line    0x00005423      0x120 ./system/src/cmsis/vectors_stm32f407xx.o
 .debug_line    0x00005543      0x9ee ./src/main.o

.debug_frame    0x00000000      0x95c
 *(.debug_frame)
 .debug_frame   0x00000000       0xfc ./system/src/stm32f4-hal/stm32f4xx_hal_gpio.o
 .debug_frame   0x000000fc       0x40 ./system/src/newlib/assert.o
 .debug_frame   0x0000013c       0x38 ./system/src/newlib/exit.o
 .debug_frame   0x00000174       0x28 ./system/src/newlib/sbrk.o
 .debug_frame   0x0000019c       0x7c ./system/src/newlib/startup.o
 .debug_frame   0x00000218       0x50 ./system/src/newlib/syscalls.o
 .debug_frame   0x00000268       0x64 ./system/src/diag/trace-impl.o
 .debug_frame   0x000002cc       0x94 ./system/src/diag/trace.o
 .debug_frame   0x00000360      0x158 ./system/src/cortexm/exception-handlers.o
 .debug_frame   0x000004b8       0x40 ./system/src/cortexm/initialize-hardware.o
 .debug_frame   0x000004f8       0x30 ./system/src/cmsis/system_stm32f4xx.o
 .debug_frame   0x00000528       0x20 ./system/src/cmsis/vectors_stm32f407xx.o
 .debug_frame   0x00000548       0x7c ./src/main.o
 .debug_frame   0x000005c4       0x20 c:/program files (x86)/gnu arm embedded toolchain/10 2021.10/bin/../lib/gcc/arm-none-eabi/10.3.1/../../../../arm-none-eabi/lib/thumb/v7e-m/nofp\libg_nano.a(lib_a-errno.o)
 .debug_frame   0x000005e4       0x4c c:/program files (x86)/gnu arm embedded toolchain/10 2021.10/bin/../lib/gcc/arm-none-eabi/10.3.1/../../../../arm-none-eabi/lib/thumb/v7e-m/nofp\libg_nano.a(lib_a-vsnprintf.o)
 .debug_frame   0x00000630       0x90 c:/program files (x86)/gnu arm embedded toolchain/10 2021.10/bin/../lib/gcc/arm-none-eabi/10.3.1/../../../../arm-none-eabi/lib/thumb/v7e-m/nofp\libg_nano.a(lib_a-nano-svfprintf.o)
 .debug_frame   0x000006c0       0x60 c:/program files (x86)/gnu arm embedded toolchain/10 2021.10/bin/../lib/gcc/arm-none-eabi/10.3.1/../../../../arm-none-eabi/lib/thumb/v7e-m/nofp\libg_nano.a(lib_a-nano-vfprintf_i.o)
 .debug_frame   0x00000720       0x28 c:/program files (x86)/gnu arm embedded toolchain/10 2021.10/bin/../lib/gcc/arm-none-eabi/10.3.1/../../../../arm-none-eabi/lib/thumb/v7e-m/nofp\libg_nano.a(lib_a-memcpy-stub.o)
 .debug_frame   0x00000748       0x28 c:/program files (x86)/gnu arm embedded toolchain/10 2021.10/bin/../lib/gcc/arm-none-eabi/10.3.1/../../../../arm-none-eabi/lib/thumb/v7e-m/nofp\libg_nano.a(lib_a-memmove.o)
 .debug_frame   0x00000770       0x38 c:/program files (x86)/gnu arm embedded toolchain/10 2021.10/bin/../lib/gcc/arm-none-eabi/10.3.1/../../../../arm-none-eabi/lib/thumb/v7e-m/nofp\libg_nano.a(lib_a-nano-freer.o)
 .debug_frame   0x000007a8       0x4c c:/program files (x86)/gnu arm embedded toolchain/10 2021.10/bin/../lib/gcc/arm-none-eabi/10.3.1/../../../../arm-none-eabi/lib/thumb/v7e-m/nofp\libg_nano.a(lib_a-nano-mallocr.o)
 .debug_frame   0x000007f4       0x3c c:/program files (x86)/gnu arm embedded toolchain/10 2021.10/bin/../lib/gcc/arm-none-eabi/10.3.1/../../../../arm-none-eabi/lib/thumb/v7e-m/nofp\libg_nano.a(lib_a-nano-reallocr.o)
 .debug_frame   0x00000830       0x2c c:/program files (x86)/gnu arm embedded toolchain/10 2021.10/bin/../lib/gcc/arm-none-eabi/10.3.1/../../../../arm-none-eabi/lib/thumb/v7e-m/nofp\libg_nano.a(lib_a-sbrkr.o)
 .debug_frame   0x0000085c       0x30 c:/program files (x86)/gnu arm embedded toolchain/10 2021.10/bin/../lib/gcc/arm-none-eabi/10.3.1/../../../../arm-none-eabi/lib/thumb/v7e-m/nofp\libg_nano.a(lib_a-mlock.o)
 .debug_frame   0x0000088c       0x20 c:/program files (x86)/gnu arm embedded toolchain/10 2021.10/bin/../lib/gcc/arm-none-eabi/10.3.1/../../../../arm-none-eabi/lib/thumb/v7e-m/nofp\libg_nano.a(lib_a-nano-msizer.o)
 .debug_frame   0x000008ac       0xb0 c:/program files (x86)/gnu arm embedded toolchain/10 2021.10/bin/../lib/gcc/arm-none-eabi/10.3.1/../../../../arm-none-eabi/lib/thumb/v7e-m/nofp\libg_nano.a(lib_a-lock.o)

.debug_str      0x00000000    0xf51c4
 *(.debug_str)
 .debug_str     0x00000000    0xede8d ./system/src/stm32f4-hal/stm32f4xx_hal_gpio.o
                              0xee144 (size before relaxing)
 .debug_str     0x000ede8d     0x4738 ./system/src/newlib/assert.o
                               0x82bf (size before relaxing)
 .debug_str     0x000f25c5       0x32 ./system/src/newlib/exit.o
                               0x77b9 (size before relaxing)
 .debug_str     0x000f25f7      0x4dd ./system/src/newlib/sbrk.o
                               0x6b9a (size before relaxing)
 .debug_str     0x000f2ad4      0x2cb ./system/src/newlib/startup.o
                               0x6406 (size before relaxing)
 .debug_str     0x000f2d9f     0x1504 ./system/src/newlib/syscalls.o
                               0x80e7 (size before relaxing)
 .debug_str     0x000f42a3      0x38d ./system/src/diag/trace-impl.o
                              0xf16ca (size before relaxing)
 .debug_str     0x000f4630      0x80d ./system/src/diag/trace.o
                               0x7f40 (size before relaxing)
 .debug_str     0x000f4e3d      0x1f1 ./system/src/cortexm/exception-handlers.o
                              0xf2848 (size before relaxing)
 .debug_str     0x000f502e       0x5d ./system/src/cortexm/initialize-hardware.o
                              0xede52 (size before relaxing)
 .debug_str     0x000f508b       0x83 ./system/src/cmsis/system_stm32f4xx.o
                              0xedf40 (size before relaxing)
 .debug_str     0x000f510e       0x59 ./system/src/cmsis/vectors_stm32f407xx.o
                               0x385a (size before relaxing)
 .debug_str     0x000f5167       0x5d ./src/main.o
                              0xedf6a (size before relaxing)

.debug_loc      0x00000000     0x15bd
 *(.debug_loc)
 .debug_loc     0x00000000      0x66d ./system/src/stm32f4-hal/stm32f4xx_hal_gpio.o
 .debug_loc     0x0000066d      0x17d ./system/src/newlib/assert.o
 .debug_loc     0x000007ea       0x15 ./system/src/newlib/exit.o
 .debug_loc     0x000007ff       0x97 ./system/src/newlib/sbrk.o
 .debug_loc     0x00000896      0x49b ./system/src/newlib/startup.o
 .debug_loc     0x00000d31       0x6f ./system/src/newlib/syscalls.o
 .debug_loc     0x00000da0      0x1a3 ./system/src/diag/trace-impl.o
 .debug_loc     0x00000f43      0x118 ./system/src/diag/trace.o
 .debug_loc     0x0000105b      0x35c ./system/src/cortexm/exception-handlers.o
 .debug_loc     0x000013b7      0x158 ./system/src/cmsis/system_stm32f4xx.o
 .debug_loc     0x0000150f       0xae ./src/main.o

.debug_macinfo
 *(.debug_macinfo)

.debug_weaknames
 *(.debug_weaknames)

.debug_funcnames
 *(.debug_funcnames)

.debug_typenames
 *(.debug_typenames)

.debug_varnames
 *(.debug_varnames)
OUTPUT(M3_WiperControlSystem.elf elf32-littlearm)
LOAD linker stubs

.debug_ranges   0x00000000      0x298
 .debug_ranges  0x00000000       0x48 ./system/src/stm32f4-hal/stm32f4xx_hal_gpio.o
 .debug_ranges  0x00000048       0x18 ./system/src/newlib/assert.o
 .debug_ranges  0x00000060       0x18 ./system/src/newlib/exit.o
 .debug_ranges  0x00000078       0x10 ./system/src/newlib/sbrk.o
 .debug_ranges  0x00000088       0x78 ./system/src/newlib/startup.o
 .debug_ranges  0x00000100       0x20 ./system/src/newlib/syscalls.o
 .debug_ranges  0x00000120       0x38 ./system/src/diag/trace-impl.o
 .debug_ranges  0x00000158       0x28 ./system/src/diag/trace.o
 .debug_ranges  0x00000180       0x98 ./system/src/cortexm/exception-handlers.o
 .debug_ranges  0x00000218       0x18 ./system/src/cortexm/initialize-hardware.o
 .debug_ranges  0x00000230       0x18 ./system/src/cmsis/system_stm32f4xx.o
 .debug_ranges  0x00000248       0x10 ./system/src/cmsis/vectors_stm32f407xx.o
 .debug_ranges  0x00000258       0x40 ./src/main.o

.debug_macro    0x00000000     0x4c1b
 .debug_macro   0x00000000      0x3e3 ./system/src/stm32f4-hal/stm32f4xx_hal_gpio.o
 .debug_macro   0x000003e3      0x1ca ./system/src/newlib/assert.o
 .debug_macro   0x000005ad       0x22 ./system/src/newlib/assert.o
 .debug_macro   0x000005cf       0x5e ./system/src/newlib/assert.o
 .debug_macro   0x0000062d       0x18 ./system/src/newlib/assert.o
 .debug_macro   0x00000645       0x94 ./system/src/newlib/assert.o
 .debug_macro   0x000006d9       0x35 ./system/src/newlib/assert.o
 .debug_macro   0x0000070e       0x34 ./system/src/newlib/assert.o
 .debug_macro   0x00000742       0x1c ./system/src/newlib/assert.o
 .debug_macro   0x0000075e       0x16 ./system/src/newlib/assert.o
 .debug_macro   0x00000774      0x10e ./system/src/newlib/assert.o
 .debug_macro   0x00000882       0x8d ./system/src/newlib/assert.o
 .debug_macro   0x0000090f       0x16 ./system/src/newlib/assert.o
 .debug_macro   0x00000925       0x43 ./system/src/newlib/assert.o
 .debug_macro   0x00000968       0x57 ./system/src/newlib/assert.o
 .debug_macro   0x000009bf       0x34 ./system/src/newlib/assert.o
 .debug_macro   0x000009f3       0x10 ./system/src/newlib/assert.o
 .debug_macro   0x00000a03       0x58 ./system/src/newlib/assert.o
 .debug_macro   0x00000a5b      0x182 ./system/src/newlib/assert.o
 .debug_macro   0x00000bdd      0x341 ./system/src/newlib/assert.o
 .debug_macro   0x00000f1e       0x16 ./system/src/newlib/assert.o
 .debug_macro   0x00000f34       0x29 ./system/src/newlib/assert.o
 .debug_macro   0x00000f5d       0x16 ./system/src/newlib/assert.o
 .debug_macro   0x00000f73       0x10 ./system/src/newlib/assert.o
 .debug_macro   0x00000f83       0x6a ./system/src/newlib/assert.o
 .debug_macro   0x00000fed       0x1c ./system/src/newlib/assert.o
 .debug_macro   0x00001009       0x52 ./system/src/newlib/assert.o
 .debug_macro   0x0000105b       0x22 ./system/src/newlib/assert.o
 .debug_macro   0x0000107d       0x10 ./system/src/newlib/assert.o
 .debug_macro   0x0000108d       0x52 ./system/src/newlib/assert.o
 .debug_macro   0x000010df       0xd5 ./system/src/newlib/assert.o
 .debug_macro   0x000011b4       0x1c ./system/src/newlib/assert.o
 .debug_macro   0x000011d0       0x3d ./system/src/newlib/assert.o
 .debug_macro   0x0000120d       0x35 ./system/src/newlib/assert.o
 .debug_macro   0x00001242      0x51a ./system/src/newlib/assert.o
 .debug_macro   0x0000175c      0x1ae ./system/src/newlib/exit.o
 .debug_macro   0x0000190a      0x163 ./system/src/newlib/sbrk.o
 .debug_macro   0x00001a6d       0x10 ./system/src/newlib/sbrk.o
 .debug_macro   0x00001a7d      0x23b ./system/src/newlib/sbrk.o
 .debug_macro   0x00001cb8      0x15f ./system/src/newlib/startup.o
 .debug_macro   0x00001e17      0xa84 ./system/src/newlib/startup.o
 .debug_macro   0x0000289b      0x220 ./system/src/newlib/syscalls.o
 .debug_macro   0x00002abb       0x1c ./system/src/newlib/syscalls.o
 .debug_macro   0x00002ad7       0x10 ./system/src/newlib/syscalls.o
 .debug_macro   0x00002ae7       0x10 ./system/src/newlib/syscalls.o
 .debug_macro   0x00002af7       0x10 ./system/src/newlib/syscalls.o
 .debug_macro   0x00002b07       0x35 ./system/src/newlib/syscalls.o
 .debug_macro   0x00002b3c      0x12c ./system/src/newlib/syscalls.o
 .debug_macro   0x00002c68       0xce ./system/src/newlib/syscalls.o
 .debug_macro   0x00002d36       0x7c ./system/src/newlib/syscalls.o
 .debug_macro   0x00002db2       0x17 ./system/src/newlib/syscalls.o
 .debug_macro   0x00002dc9      0x118 ./system/src/newlib/syscalls.o
 .debug_macro   0x00002ee1      0x189 ./system/src/newlib/syscalls.o
 .debug_macro   0x0000306a       0x16 ./system/src/newlib/syscalls.o
 .debug_macro   0x00003080      0x50d ./system/src/diag/trace-impl.o
 .debug_macro   0x0000358d       0x10 ./system/src/diag/trace-impl.o
 .debug_macro   0x0000359d       0x22 ./system/src/diag/trace-impl.o
 .debug_macro   0x000035bf      0x1f5 ./system/src/diag/trace.o
 .debug_macro   0x000037b4       0x16 ./system/src/diag/trace.o
 .debug_macro   0x000037ca       0x97 ./system/src/diag/trace.o
 .debug_macro   0x00003861       0xfd ./system/src/diag/trace.o
 .debug_macro   0x0000395e       0x10 ./system/src/diag/trace.o
 .debug_macro   0x0000396e       0x16 ./system/src/diag/trace.o
 .debug_macro   0x00003984      0x16f ./system/src/diag/trace.o
 .debug_macro   0x00003af3       0x4c ./system/src/diag/trace.o
 .debug_macro   0x00003b3f       0x16 ./system/src/diag/trace.o
 .debug_macro   0x00003b55      0x56b ./system/src/cortexm/exception-handlers.o
 .debug_macro   0x000040c0       0x10 ./system/src/cortexm/exception-handlers.o
 .debug_macro   0x000040d0      0x3b7 ./system/src/cortexm/initialize-hardware.o
 .debug_macro   0x00004487      0x3b3 ./system/src/cmsis/system_stm32f4xx.o
 .debug_macro   0x0000483a       0x34 ./system/src/cmsis/vectors_stm32f407xx.o
 .debug_macro   0x0000486e      0x3ad ./src/main.o
